Archive member included to satisfy reference by file (symbol)

/home/yjy/apps/arm-gnu-toolchain/bin/../lib/gcc/arm-none-eabi/14.2.1/../../../../arm-none-eabi/lib/thumb/v7e-m+fp/hard/libc_nano.a(libc_a-exit.o)
                              /home/yjy/apps/arm-gnu-toolchain/bin/../lib/gcc/arm-none-eabi/14.2.1/../../../../arm-none-eabi/lib/thumb/v7e-m+fp/hard/crt0.o (exit)
/home/yjy/apps/arm-gnu-toolchain/bin/../lib/gcc/arm-none-eabi/14.2.1/../../../../arm-none-eabi/lib/thumb/v7e-m+fp/hard/libc_nano.a(libc_a-findfp.o)
                              /home/yjy/apps/arm-gnu-toolchain/bin/../lib/gcc/arm-none-eabi/14.2.1/../../../../arm-none-eabi/lib/thumb/v7e-m+fp/hard/libc_nano.a(libc_a-exit.o) (__stdio_exit_handler)
/home/yjy/apps/arm-gnu-toolchain/bin/../lib/gcc/arm-none-eabi/14.2.1/../../../../arm-none-eabi/lib/thumb/v7e-m+fp/hard/libc_nano.a(libc_a-fwalk.o)
                              /home/yjy/apps/arm-gnu-toolchain/bin/../lib/gcc/arm-none-eabi/14.2.1/../../../../arm-none-eabi/lib/thumb/v7e-m+fp/hard/libc_nano.a(libc_a-findfp.o) (_fwalk_sglue)
/home/yjy/apps/arm-gnu-toolchain/bin/../lib/gcc/arm-none-eabi/14.2.1/../../../../arm-none-eabi/lib/thumb/v7e-m+fp/hard/libc_nano.a(libc_a-stdio.o)
                              /home/yjy/apps/arm-gnu-toolchain/bin/../lib/gcc/arm-none-eabi/14.2.1/../../../../arm-none-eabi/lib/thumb/v7e-m+fp/hard/libc_nano.a(libc_a-findfp.o) (__sread)
/home/yjy/apps/arm-gnu-toolchain/bin/../lib/gcc/arm-none-eabi/14.2.1/../../../../arm-none-eabi/lib/thumb/v7e-m+fp/hard/libc_nano.a(libc_a-memset.o)
                              /home/yjy/apps/arm-gnu-toolchain/bin/../lib/gcc/arm-none-eabi/14.2.1/../../../../arm-none-eabi/lib/thumb/v7e-m+fp/hard/crt0.o (memset)
/home/yjy/apps/arm-gnu-toolchain/bin/../lib/gcc/arm-none-eabi/14.2.1/../../../../arm-none-eabi/lib/thumb/v7e-m+fp/hard/libc_nano.a(libc_a-closer.o)
                              /home/yjy/apps/arm-gnu-toolchain/bin/../lib/gcc/arm-none-eabi/14.2.1/../../../../arm-none-eabi/lib/thumb/v7e-m+fp/hard/libc_nano.a(libc_a-stdio.o) (_close_r)
/home/yjy/apps/arm-gnu-toolchain/bin/../lib/gcc/arm-none-eabi/14.2.1/../../../../arm-none-eabi/lib/thumb/v7e-m+fp/hard/libc_nano.a(libc_a-reent.o)
                              /home/yjy/apps/arm-gnu-toolchain/bin/../lib/gcc/arm-none-eabi/14.2.1/../../../../arm-none-eabi/lib/thumb/v7e-m+fp/hard/libc_nano.a(libc_a-closer.o) (errno)
/home/yjy/apps/arm-gnu-toolchain/bin/../lib/gcc/arm-none-eabi/14.2.1/../../../../arm-none-eabi/lib/thumb/v7e-m+fp/hard/libc_nano.a(libc_a-impure.o)
                              /home/yjy/apps/arm-gnu-toolchain/bin/../lib/gcc/arm-none-eabi/14.2.1/../../../../arm-none-eabi/lib/thumb/v7e-m+fp/hard/libc_nano.a(libc_a-reent.o) (_impure_ptr)
/home/yjy/apps/arm-gnu-toolchain/bin/../lib/gcc/arm-none-eabi/14.2.1/../../../../arm-none-eabi/lib/thumb/v7e-m+fp/hard/libc_nano.a(libc_a-lseekr.o)
                              /home/yjy/apps/arm-gnu-toolchain/bin/../lib/gcc/arm-none-eabi/14.2.1/../../../../arm-none-eabi/lib/thumb/v7e-m+fp/hard/libc_nano.a(libc_a-stdio.o) (_lseek_r)
/home/yjy/apps/arm-gnu-toolchain/bin/../lib/gcc/arm-none-eabi/14.2.1/../../../../arm-none-eabi/lib/thumb/v7e-m+fp/hard/libc_nano.a(libc_a-readr.o)
                              /home/yjy/apps/arm-gnu-toolchain/bin/../lib/gcc/arm-none-eabi/14.2.1/../../../../arm-none-eabi/lib/thumb/v7e-m+fp/hard/libc_nano.a(libc_a-stdio.o) (_read_r)
/home/yjy/apps/arm-gnu-toolchain/bin/../lib/gcc/arm-none-eabi/14.2.1/../../../../arm-none-eabi/lib/thumb/v7e-m+fp/hard/libc_nano.a(libc_a-writer.o)
                              /home/yjy/apps/arm-gnu-toolchain/bin/../lib/gcc/arm-none-eabi/14.2.1/../../../../arm-none-eabi/lib/thumb/v7e-m+fp/hard/libc_nano.a(libc_a-stdio.o) (_write_r)
/home/yjy/apps/arm-gnu-toolchain/bin/../lib/gcc/arm-none-eabi/14.2.1/../../../../arm-none-eabi/lib/thumb/v7e-m+fp/hard/libc_nano.a(libc_a-init.o)
                              /home/yjy/apps/arm-gnu-toolchain/bin/../lib/gcc/arm-none-eabi/14.2.1/../../../../arm-none-eabi/lib/thumb/v7e-m+fp/hard/crt0.o (__libc_init_array)
/home/yjy/apps/arm-gnu-toolchain/bin/../lib/gcc/arm-none-eabi/14.2.1/../../../../arm-none-eabi/lib/thumb/v7e-m+fp/hard/libc_nano.a(libc_a-lock.o)
                              /home/yjy/apps/arm-gnu-toolchain/bin/../lib/gcc/arm-none-eabi/14.2.1/../../../../arm-none-eabi/lib/thumb/v7e-m+fp/hard/libc_nano.a(libc_a-findfp.o) (__retarget_lock_init_recursive)
/home/yjy/apps/arm-gnu-toolchain/bin/../lib/gcc/arm-none-eabi/14.2.1/../../../../arm-none-eabi/lib/thumb/v7e-m+fp/hard/libc_nano.a(libc_a-freer.o)
                              /home/yjy/apps/arm-gnu-toolchain/bin/../lib/gcc/arm-none-eabi/14.2.1/../../../../arm-none-eabi/lib/thumb/v7e-m+fp/hard/libc_nano.a(libc_a-reent.o) (_free_r)
/home/yjy/apps/arm-gnu-toolchain/bin/../lib/gcc/arm-none-eabi/14.2.1/../../../../arm-none-eabi/lib/thumb/v7e-m+fp/hard/libc_nano.a(libc_a-mallocr.o)
[...]
Memory Configuration

Name             Origin             Length             Attributes
RAM              0x20000000         0x00020000         xrw
CCMRAM           0x10000000         0x00010000         xrw
FLASH            0x08000000         0x00100000         xr
*default*        0x00000000         0xffffffff

Linker script and memory map

LOAD /home/yjy/apps/arm-gnu-toolchain/bin/../lib/gcc/arm-none-eabi/14.2.1/thumb/v7e-m+fp/hard/crti.o
LOAD /home/yjy/apps/arm-gnu-toolchain/bin/../lib/gcc/arm-none-eabi/14.2.1/thumb/v7e-m+fp/hard/crtbegin.o
LOAD /home/yjy/apps/arm-gnu-toolchain/bin/../lib/gcc/arm-none-eabi/14.2.1/../../../../arm-none-eabi/lib/thumb/v7e-m+fp/hard/crt0.o
START GROUP
LOAD /home/yjy/apps/arm-gnu-toolchain/bin/../lib/gcc/arm-none-eabi/14.2.1/../../../../arm-none-eabi/lib/thumb/v7e-m+fp/hard/libc_nano.a
LOAD /home/yjy/apps/arm-gnu-toolchain/bin/../lib/gcc/arm-none-eabi/14.2.1/../../../../arm-none-eabi/lib/thumb/v7e-m+fp/hard/libm.a
END GROUP
LOAD cmake/stm32cubemx/CMakeFiles/STM32_Drivers.dir/__/__/Core/Src/system_stm32f4xx.c.obj
LOAD cmake/stm32cubemx/CMakeFiles/STM32_Drivers.dir/__/__/Drivers/STM32F4xx_HAL_Driver/Src/stm32f4xx_hal_rcc.c.obj
LOAD cmake/stm32cubemx/CMakeFiles/STM32_Drivers.dir/__/__/Drivers/STM32F4xx_HAL_Driver/Src/stm32f4xx_hal_rcc_ex.c.obj
LOAD cmake/stm32cubemx/CMakeFiles/STM32_Drivers.dir/__/__/Drivers/STM32F4xx_HAL_Driver/Src/stm32f4xx_hal_flash.c.obj
LOAD cmake/stm32cubemx/CMakeFiles/STM32_Drivers.dir/__/__/Drivers/STM32F4xx_HAL_Driver/Src/stm32f4xx_hal_flash_ex.c.obj
LOAD cmake/stm32cubemx/CMakeFiles/STM32_Drivers.dir/__/__/Drivers/STM32F4xx_HAL_Driver/Src/stm32f4xx_hal_flash_ramfunc.c.obj
LOAD cmake/stm32cubemx/CMakeFiles/STM32_Drivers.dir/__/__/Drivers/STM32F4xx_HAL_Driver/Src/stm32f4xx_hal_gpio.c.obj
LOAD cmake/stm32cubemx/CMakeFiles/STM32_Drivers.dir/__/__/Drivers/STM32F4xx_HAL_Driver/Src/stm32f4xx_hal_dma_ex.c.obj
LOAD cmake/stm32cubemx/CMakeFiles/STM32_Drivers.dir/__/__/Drivers/STM32F4xx_HAL_Driver/Src/stm32f4xx_hal_dma.c.obj
LOAD cmake/stm32cubemx/CMakeFiles/STM32_Drivers.dir/__/__/Drivers/STM32F4xx_HAL_Driver/Src/stm32f4xx_hal_pwr.c.obj
LOAD cmake/stm32cubemx/CMakeFiles/STM32_Drivers.dir/__/__/Drivers/STM32F4xx_HAL_Driver/Src/stm32f4xx_hal_pwr_ex.c.obj
LOAD cmake/stm32cubemx/CMakeFiles/STM32_Drivers.dir/__/__/Drivers/STM32F4xx_HAL_Driver/Src/stm32f4xx_hal_cortex.c.obj
LOAD cmake/stm32cubemx/CMakeFiles/STM32_Drivers.dir/__/__/Drivers/STM32F4xx_HAL_Driver/Src/stm32f4xx_hal.c.obj
LOAD cmake/stm32cubemx/CMakeFiles/STM32_Drivers.dir/__/__/Drivers/STM32F4xx_HAL_Driver/Src/stm32f4xx_hal_exti.c.obj
LOAD CMakeFiles/test.dir/Core/Src/main.c.obj
LOAD CMakeFiles/test.dir/Core/Src/stm32f4xx_it.c.obj
LOAD CMakeFiles/test.dir/Core/Src/stm32f4xx_hal_msp.c.obj
LOAD CMakeFiles/test.dir/Core/Src/sysmem.c.obj
LOAD CMakeFiles/test.dir/Core/Src/syscalls.c.obj
LOAD CMakeFiles/test.dir/startup_stm32f407xx.s.obj
LOAD /home/yjy/Documents/code/stm/test/.deps/freertos-build/libfreertos_kernel.a
START GROUP
LOAD /home/yjy/apps/arm-gnu-toolchain/bin/../lib/gcc/arm-none-eabi/14.2.1/thumb/v7e-m+fp/hard/libgcc.a
LOAD /home/yjy/apps/arm-gnu-toolchain/bin/../lib/gcc/arm-none-eabi/14.2.1/../../../../arm-none-eabi/lib/thumb/v7e-m+fp/hard/libg_nano.a
LOAD /home/yjy/apps/arm-gnu-toolchain/bin/../lib/gcc/arm-none-eabi/14.2.1/../../../../arm-none-eabi/lib/thumb/v7e-m+fp/hard/libc_nano.a
END GROUP
START GROUP
LOAD /home/yjy/apps/arm-gnu-toolchain/bin/../lib/gcc/arm-none-eabi/14.2.1/thumb/v7e-m+fp/hard/libgcc.a
LOAD /home/yjy/apps/arm-gnu-toolchain/bin/../lib/gcc/arm-none-eabi/14.2.1/../../../../arm-none-eabi/lib/thumb/v7e-m+fp/hard/libc_nano.a
END GROUP
LOAD /home/yjy/apps/arm-gnu-toolchain/bin/../lib/gcc/arm-none-eabi/14.2.1/thumb/v7e-m+fp/hard/crtend.o
LOAD /home/yjy/apps/arm-gnu-toolchain/bin/../lib/gcc/arm-none-eabi/14.2.1/thumb/v7e-m+fp/hard/crtn.o
                0x20020000                        _estack = (ORIGIN (RAM) + LENGTH (RAM))
                0x00000200                        _Min_Heap_Size = 0x200
                0x00000400                        _Min_Stack_Size = 0x400

.isr_vector     0x08000000      0x188
                0x08000000                        . = ALIGN (0x4)
 *(.isr_vector)
 .isr_vector    0x08000000      0x188 CMakeFiles/test.dir/startup_stm32f407xx.s.obj
                0x08000000                g_pfnVectors
                0x08000188                        . = ALIGN (0x4)

.text           0x08000188     0x1ed8
                0x08000188                        . = ALIGN (0x4)
 *(.text)
 .text          0x08000188       0x30 /home/yjy/apps/arm-gnu-toolchain/bin/../lib/gcc/arm-none-eabi/14.2.1/thumb/v7e-m+fp/hard/libgcc.a(_aeabi_uldivmod.o)
                0x08000188                __aeabi_uldivmod
 .text          0x080001b8        0x4 /home/yjy/apps/arm-gnu-toolchain/bin/../lib/gcc/arm-none-eabi/14.2.1/thumb/v7e-m+fp/hard/libgcc.a(_dvmd_tls.o)
                0x080001b8                __aeabi_ldiv0
                0x080001b8                __aeabi_idiv0
 *(.text*)
 .text.deregister_tm_clones
                0x080001bc       0x1c /home/yjy/apps/arm-gnu-toolchain/bin/../lib/gcc/arm-none-eabi/14.2.1/thumb/v7e-m+fp/hard/crtbegin.o
 .text.register_tm_clones
                0x080001d8       0x24 /home/yjy/apps/arm-gnu-toolchain/bin/../lib/gcc/arm-none-eabi/14.2.1/thumb/v7e-m+fp/hard/crtbegin.o
 .text.__do_global_dtors_aux
                0x080001fc       0x28 /home/yjy/apps/arm-gnu-toolchain/bin/../lib/gcc/arm-none-eabi/14.2.1/thumb/v7e-m+fp/hard/crtbegin.o
 .text.frame_dummy
                0x08000224       0x24 /home/yjy/apps/arm-gnu-toolchain/bin/../lib/gcc/arm-none-eabi/14.2.1/thumb/v7e-m+fp/hard/crtbegin.o
 .text.memset   0x08000248       0x10 /home/yjy/apps/arm-gnu-toolchain/bin/../lib/gcc/arm-none-eabi/14.2.1/../../../../arm-none-eabi/lib/thumb/v7e-m+fp/hard/libc_nano.a(libc_a-memset.o)
                0x08000248                memset
 .text.__libc_init_array
                0x08000258       0x48 /home/yjy/apps/arm-gnu-toolchain/bin/../lib/gcc/arm-none-eabi/14.2.1/../../../../arm-none-eabi/lib/thumb/v7e-m+fp/hard/libc_nano.a(libc_a-init.o)
                0x08000258                __libc_init_array
 .text.SystemInit
                0x080002a0       0x24 cmake/stm32cubemx/CMakeFiles/STM32_Drivers.dir/__/__/Core/Src/system_stm32f4xx.c.obj
                0x080002a0                SystemInit
 .text.HAL_RCC_OscConfig
                0x080002c4      0x4f0 cmake/stm32cubemx/CMakeFiles/STM32_Drivers.dir/__/__/Drivers/STM32F4xx_HAL_Driver/Src/stm32f4xx_hal_rcc.c.obj
                0x080002c4                HAL_RCC_OscConfig
 .text.HAL_RCC_ClockConfig
                0x080007b4      0x1cc cmake/stm32cubemx/CMakeFiles/STM32_Drivers.dir/__/__/Drivers/STM32F4xx_HAL_Driver/Src/stm32f4xx_hal_rcc.c.obj
                0x080007b4                HAL_RCC_ClockConfig
 .text.HAL_RCC_GetSysClockFreq
                0x08000980      0x188 cmake/stm32cubemx/CMakeFiles/STM32_Drivers.dir/__/__/Drivers/STM32F4xx_HAL_Driver/Src/stm32f4xx_hal_rcc.c.obj
                0x08000980                HAL_RCC_GetSysClockFreq
 .text.__NVIC_SetPriorityGrouping
                0x08000b08       0x48 cmake/stm32cubemx/CMakeFiles/STM32_Drivers.dir/__/__/Drivers/STM32F4xx_HAL_Driver/Src/stm32f4xx_hal_cortex.c.obj
 .text.__NVIC_GetPriorityGrouping
                0x08000b50       0x1c cmake/stm32cubemx/CMakeFiles/STM32_Drivers.dir/__/__/Drivers/STM32F4xx_HAL_Driver/Src/stm32f4xx_hal_cortex.c.obj
 .text.__NVIC_SetPriority
                0x08000b6c       0x54 cmake/stm32cubemx/CMakeFiles/STM32_Drivers.dir/__/__/Drivers/STM32F4xx_HAL_Driver/Src/stm32f4xx_hal_cortex.c.obj
 .text.NVIC_EncodePriority
                0x08000bc0       0x66 cmake/stm32cubemx/CMakeFiles/STM32_Drivers.dir/__/__/Drivers/STM32F4xx_HAL_Driver/Src/stm32f4xx_hal_cortex.c.obj
 *fill*         0x08000c26        0x2 
 .text.SysTick_Config
                0x08000c28       0x44 cmake/stm32cubemx/CMakeFiles/STM32_Drivers.dir/__/__/Drivers/STM32F4xx_HAL_Driver/Src/stm32f4xx_hal_cortex.c.obj
 .text.HAL_NVIC_SetPriorityGrouping
                0x08000c6c       0x16 cmake/stm32cubemx/CMakeFiles/STM32_Drivers.dir/__/__/Drivers/STM32F4xx_HAL_Driver/Src/stm32f4xx_hal_cortex.c.obj
                0x08000c6c                HAL_NVIC_SetPriorityGrouping
 .text.HAL_NVIC_SetPriority
                0x08000c82       0x38 cmake/stm32cubemx/CMakeFiles/STM32_Drivers.dir/__/__/Drivers/STM32F4xx_HAL_Driver/Src/stm32f4xx_hal_cortex.c.obj
                0x08000c82                HAL_NVIC_SetPriority
 .text.HAL_SYSTICK_Config
                0x08000cba       0x18 cmake/stm32cubemx/CMakeFiles/STM32_Drivers.dir/__/__/Drivers/STM32F4xx_HAL_Driver/Src/stm32f4xx_hal_cortex.c.obj
                0x08000cba                HAL_SYSTICK_Config
 *fill*         0x08000cd2        0x2 
 .text.HAL_Init
                0x08000cd4       0x44 cmake/stm32cubemx/CMakeFiles/STM32_Drivers.dir/__/__/Drivers/STM32F4xx_HAL_Driver/Src/stm32f4xx_hal.c.obj
                0x08000cd4                HAL_Init
 .text.HAL_InitTick
                0x08000d18       0x60 cmake/stm32cubemx/CMakeFiles/STM32_Drivers.dir/__/__/Drivers/STM32F4xx_HAL_Driver/Src/stm32f4xx_hal.c.obj
                0x08000d18                HAL_InitTick
 .text.HAL_IncTick
                0x08000d78       0x28 cmake/stm32cubemx/CMakeFiles/STM32_Drivers.dir/__/__/Drivers/STM32F4xx_HAL_Driver/Src/stm32f4xx_hal.c.obj
                0x08000d78                HAL_IncTick
 .text.HAL_GetTick
                0x08000da0       0x18 cmake/stm32cubemx/CMakeFiles/STM32_Drivers.dir/__/__/Drivers/STM32F4xx_HAL_Driver/Src/stm32f4xx_hal.c.obj
                0x08000da0                HAL_GetTick
 .text.main     0x08000db8       0x24 CMakeFiles/test.dir/Core/Src/main.c.obj
                0x08000db8                main
 .text.SystemClock_Config
                0x08000ddc       0xbc CMakeFiles/test.dir/Core/Src/main.c.obj
                0x08000ddc                SystemClock_Config
 .text.Error_Handler
                0x08000e98        0xc CMakeFiles/test.dir/Core/Src/main.c.obj
                0x08000e98                Error_Handler
 .text.NMI_Handler
                0x08000ea4        0x8 CMakeFiles/test.dir/Core/Src/stm32f4xx_it.c.obj
                0x08000ea4                NMI_Handler
 .text.HardFault_Handler
                0x08000eac        0x8 CMakeFiles/test.dir/Core/Src/stm32f4xx_it.c.obj
                0x08000eac                HardFault_Handler
 .text.MemManage_Handler
                0x08000eb4        0x8 CMakeFiles/test.dir/Core/Src/stm32f4xx_it.c.obj
                0x08000eb4                MemManage_Handler
 .text.BusFault_Handler
                0x08000ebc        0x8 CMakeFiles/test.dir/Core/Src/stm32f4xx_it.c.obj
                0x08000ebc                BusFault_Handler
 .text.UsageFault_Handler
                0x08000ec4        0x8 CMakeFiles/test.dir/Core/Src/stm32f4xx_it.c.obj
                0x08000ec4                UsageFault_Handler
 .text.DebugMon_Handler
                0x08000ecc        0xe CMakeFiles/test.dir/Core/Src/stm32f4xx_it.c.obj
                0x08000ecc                DebugMon_Handler
 .text.SysTick_Handler
                0x08000eda        0xc CMakeFiles/test.dir/Core/Src/stm32f4xx_it.c.obj
                0x08000eda                SysTick_Handler
 *fill*         0x08000ee6        0x2 
 .text.HAL_MspInit
                0x08000ee8       0x50 CMakeFiles/test.dir/Core/Src/stm32f4xx_hal_msp.c.obj
                0x08000ee8                HAL_MspInit
 .text.Reset_Handler
                0x08000f38       0x50 CMakeFiles/test.dir/startup_stm32f407xx.s.obj
                0x08000f38                Reset_Handler
 .text.Default_Handler
                0x08000f88        0x2 CMakeFiles/test.dir/startup_stm32f407xx.s.obj
                0x08000f88                RTC_Alarm_IRQHandler
                0x08000f88                HASH_RNG_IRQHandler
                0x08000f88                EXTI2_IRQHandler
                0x08000f88                TIM8_CC_IRQHandler
                0x08000f88                TIM1_CC_IRQHandler
                0x08000f88                DMA2_Stream5_IRQHandler
                0x08000f88                DMA1_Stream5_IRQHandler
                0x08000f88                PVD_IRQHandler
                0x08000f88                SDIO_IRQHandler
                0x08000f88                TAMP_STAMP_IRQHandler
                0x08000f88                CAN2_RX1_IRQHandler
                0x08000f88                EXTI3_IRQHandler
                0x08000f88                TIM8_TRG_COM_TIM14_IRQHandler
                0x08000f88                TIM1_UP_TIM10_IRQHandler
                0x08000f88                TIM8_UP_TIM13_IRQHandler
                0x08000f88                I2C3_ER_IRQHandler
                0x08000f88                EXTI0_IRQHandler
                0x08000f88                I2C2_EV_IRQHandler
                0x08000f88                DMA1_Stream2_IRQHandler
                0x08000f88                CAN1_RX0_IRQHandler
                0x08000f88                FPU_IRQHandler
                0x08000f88                OTG_HS_WKUP_IRQHandler
                0x08000f88                CAN2_SCE_IRQHandler
                0x08000f88                DMA2_Stream2_IRQHandler
                0x08000f88                SPI1_IRQHandler
                0x08000f88                TIM6_DAC_IRQHandler
                0x08000f88                TIM1_BRK_TIM9_IRQHandler
                0x08000f88                DCMI_IRQHandler
                0x08000f88                CAN2_RX0_IRQHandler
                0x08000f88                DMA2_Stream3_IRQHandler
                0x08000f88                USART6_IRQHandler
                0x08000f88                USART3_IRQHandler
                0x08000f88                CAN1_RX1_IRQHandler
                0x08000f88                UART5_IRQHandler
                0x08000f88                DMA2_Stream0_IRQHandler
                0x08000f88                TIM4_IRQHandler
                0x08000f88                I2C1_EV_IRQHandler
                0x08000f88                DMA1_Stream6_IRQHandler
                0x08000f88                DMA1_Stream1_IRQHandler
                0x08000f88                UART4_IRQHandler
                0x08000f88                TIM3_IRQHandler
                0x08000f88                RCC_IRQHandler
                0x08000f88                TIM8_BRK_TIM12_IRQHandler
                0x08000f88                Default_Handler
                0x08000f88                EXTI15_10_IRQHandler
                0x08000f88                ADC_IRQHandler
                0x08000f88                DMA1_Stream7_IRQHandler
                0x08000f88                TIM7_IRQHandler
                0x08000f88                CAN2_TX_IRQHandler
                0x08000f88                TIM5_IRQHandler
                0x08000f88                DMA2_Stream7_IRQHandler
                0x08000f88                I2C3_EV_IRQHandler
                0x08000f88                EXTI9_5_IRQHandler
                0x08000f88                RTC_WKUP_IRQHandler
                0x08000f88                ETH_WKUP_IRQHandler
                0x08000f88                SPI2_IRQHandler
                0x08000f88                OTG_HS_EP1_IN_IRQHandler
                0x08000f88                DMA1_Stream0_IRQHandler
                0x08000f88                CAN1_TX_IRQHandler
                0x08000f88                EXTI4_IRQHandler
                0x08000f88                FSMC_IRQHandler
                0x08000f88                ETH_IRQHandler
                0x08000f88                OTG_HS_EP1_OUT_IRQHandler
                0x08000f88                WWDG_IRQHandler
                0x08000f88                TIM2_IRQHandler
                0x08000f88                OTG_FS_WKUP_IRQHandler
                0x08000f88                TIM1_TRG_COM_TIM11_IRQHandler
                0x08000f88                OTG_HS_IRQHandler
                0x08000f88                EXTI1_IRQHandler
                0x08000f88                USART2_IRQHandler
                0x08000f88                I2C2_ER_IRQHandler
                0x08000f88                DMA2_Stream1_IRQHandler
                0x08000f88                CAN1_SCE_IRQHandler
                0x08000f88                FLASH_IRQHandler
                0x08000f88                DMA2_Stream4_IRQHandler
                0x08000f88                USART1_IRQHandler
                0x08000f88                OTG_FS_IRQHandler
                0x08000f88                SPI3_IRQHandler
                0x08000f88                DMA1_Stream4_IRQHandler
                0x08000f88                I2C1_ER_IRQHandler
                0x08000f88                DMA2_Stream6_IRQHandler
                0x08000f88                DMA1_Stream3_IRQHandler
 *fill*         0x08000f8a        0x2 
 .text.xQueueGenericReset
                0x08000f8c      0x124 /home/yjy/Documents/code/stm/test/.deps/freertos-build/libfreertos_kernel.a(queue.c.obj)
                0x08000f8c                xQueueGenericReset
 .text.xQueueGenericCreate
                0x080010b0       0xa6 /home/yjy/Documents/code/stm/test/.deps/freertos-build/libfreertos_kernel.a(queue.c.obj)
                0x080010b0                xQueueGenericCreate
 .text.prvInitialiseNewQueue
                0x08001156       0x46 /home/yjy/Documents/code/stm/test/.deps/freertos-build/libfreertos_kernel.a(queue.c.obj)
 .text.vTaskSuspendAll
                0x0800119c       0x1c /home/yjy/Documents/code/stm/test/.deps/freertos-build/libfreertos_kernel.a(tasks.c.obj)
                0x0800119c                vTaskSuspendAll
 .text.xTaskResumeAll
                0x080011b8      0x214 /home/yjy/Documents/code/stm/test/.deps/freertos-build/libfreertos_kernel.a(tasks.c.obj)
                0x080011b8                xTaskResumeAll
 .text.xTaskIncrementTick
                0x080013cc      0x234 /home/yjy/Documents/code/stm/test/.deps/freertos-build/libfreertos_kernel.a(tasks.c.obj)
                0x080013cc                xTaskIncrementTick
 .text.vTaskSwitchContext
                0x08001600       0xc0 /home/yjy/Documents/code/stm/test/.deps/freertos-build/libfreertos_kernel.a(tasks.c.obj)
                0x08001600                vTaskSwitchContext
 .text.xTaskRemoveFromEventList
                0x080016c0      0x1b4 /home/yjy/Documents/code/stm/test/.deps/freertos-build/libfreertos_kernel.a(tasks.c.obj)
                0x080016c0                xTaskRemoveFromEventList
 .text.prvResetNextTaskUnblockTime
                0x08001874       0x38 /home/yjy/Documents/code/stm/test/.deps/freertos-build/libfreertos_kernel.a(tasks.c.obj)
 .text.pvPortMalloc
                0x080018ac      0x270 /home/yjy/Documents/code/stm/test/.deps/freertos-build/libfreertos_kernel.a(heap_4.c.obj)
                0x080018ac                pvPortMalloc
 .text.prvHeapInit
                0x08001b1c       0xb4 /home/yjy/Documents/code/stm/test/.deps/freertos-build/libfreertos_kernel.a(heap_4.c.obj)
 .text.SVC_Handler
                0x08001bd0       0x24 /home/yjy/Documents/code/stm/test/.deps/freertos-build/libfreertos_kernel.a(port.c.obj)
                0x08001bd0                SVC_Handler
 .text.vPortEnterCritical
                0x08001bf4       0x64 /home/yjy/Documents/code/stm/test/.deps/freertos-build/libfreertos_kernel.a(port.c.obj)
                0x08001bf4                vPortEnterCritical
 .text.vPortExitCritical
                0x08001c58       0x54 /home/yjy/Documents/code/stm/test/.deps/freertos-build/libfreertos_kernel.a(port.c.obj)
                0x08001c58                vPortExitCritical
 .text.PendSV_Handler
                0x08001cac       0x64 /home/yjy/Documents/code/stm/test/.deps/freertos-build/libfreertos_kernel.a(port.c.obj)
                0x08001cac                PendSV_Handler
 .text.vListInitialise
                0x08001d10       0x40 /home/yjy/Documents/code/stm/test/.deps/freertos-build/libfreertos_kernel.a(list.c.obj)
                0x08001d10                vListInitialise
 .text.__udivmoddi4
                0x08001d50      0x2f8 /home/yjy/apps/arm-gnu-toolchain/bin/../lib/gcc/arm-none-eabi/14.2.1/thumb/v7e-m+fp/hard/libgcc.a(_udivmoddi4.o)
                0x08001d50                __udivmoddi4
 *(.glue_7)
 .glue_7        0x08002048        0x0 linker stubs
 *(.glue_7t)
 .glue_7t       0x08002048        0x0 linker stubs
 *(.eh_frame)
 .eh_frame      0x08002048        0x0 /home/yjy/apps/arm-gnu-toolchain/bin/../lib/gcc/arm-none-eabi/14.2.1/thumb/v7e-m+fp/hard/crtbegin.o
 *(.init)
 .init          0x08002048        0x4 /home/yjy/apps/arm-gnu-toolchain/bin/../lib/gcc/arm-none-eabi/14.2.1/thumb/v7e-m+fp/hard/crti.o
                0x08002048                _init
 .init          0x0800204c        0x8 /home/yjy/apps/arm-gnu-toolchain/bin/../lib/gcc/arm-none-eabi/14.2.1/thumb/v7e-m+fp/hard/crtn.o
 *(.fini)
 .fini          0x08002054        0x4 /home/yjy/apps/arm-gnu-toolchain/bin/../lib/gcc/arm-none-eabi/14.2.1/thumb/v7e-m+fp/hard/crti.o
                0x08002054                _fini
 .fini          0x08002058        0x8 /home/yjy/apps/arm-gnu-toolchain/bin/../lib/gcc/arm-none-eabi/14.2.1/thumb/v7e-m+fp/hard/crtn.o
                0x08002060                        . = ALIGN (0x4)
                0x08002060                        _etext = .

.vfp11_veneer   0x08002060        0x0
 .vfp11_veneer  0x08002060        0x0 linker stubs

.v4_bx          0x08002060        0x0
 .v4_bx         0x08002060        0x0 linker stubs

.iplt           0x08002060        0x0
 .iplt          0x08002060        0x0 /home/yjy/apps/arm-gnu-toolchain/bin/../lib/gcc/arm-none-eabi/14.2.1/thumb/v7e-m+fp/hard/crtbegin.o

.rodata         0x08002060       0x10
                0x08002060                        . = ALIGN (0x4)
 *(.rodata)
 *(.rodata*)
 .rodata.AHBPrescTable
                0x08002060       0x10 cmake/stm32cubemx/CMakeFiles/STM32_Drivers.dir/__/__/Core/Src/system_stm32f4xx.c.obj
                0x08002060                AHBPrescTable
                0x08002070                        . = ALIGN (0x4)

.ARM.extab      0x08002070        0x0
                0x08002070                        . = ALIGN (0x4)
 *(.ARM.extab* .gnu.linkonce.armextab.*)
                0x08002070                        . = ALIGN (0x4)

.ARM            0x08002070        0x8
                0x08002070                        . = ALIGN (0x4)
                0x08002070                        __exidx_start = .
 *(.ARM.exidx*)
 .ARM.exidx.text.__udivmoddi4
                0x08002070        0x8 /home/yjy/apps/arm-gnu-toolchain/bin/../lib/gcc/arm-none-eabi/14.2.1/thumb/v7e-m+fp/hard/libgcc.a(_udivmoddi4.o)
                0x08002078                        __exidx_end = .
                0x08002078                        . = ALIGN (0x4)

.preinit_array  0x08002078        0x0
                0x08002078                        . = ALIGN (0x4)
                0x08002078                        PROVIDE (__preinit_array_start = .)
 *(.preinit_array*)
                0x08002078                        PROVIDE (__preinit_array_end = .)
                0x08002078                        . = ALIGN (0x4)

.init_array     0x08002078        0x4
                0x08002078                        . = ALIGN (0x4)
                0x08002078                        PROVIDE (__init_array_start = .)
 *(SORT_BY_NAME(.init_array.*))
 *(.init_array*)
 .init_array    0x08002078        0x4 /home/yjy/apps/arm-gnu-toolchain/bin/../lib/gcc/arm-none-eabi/14.2.1/thumb/v7e-m+fp/hard/crtbegin.o
                0x0800207c                        PROVIDE (__init_array_end = .)
                0x0800207c                        . = ALIGN (0x4)

.fini_array     0x0800207c        0x4
                0x0800207c                        . = ALIGN (0x4)
                [!provide]                        PROVIDE (__fini_array_start = .)
 *(SORT_BY_NAME(.fini_array.*))
 *(.fini_array*)
 .fini_array    0x0800207c        0x4 /home/yjy/apps/arm-gnu-toolchain/bin/../lib/gcc/arm-none-eabi/14.2.1/thumb/v7e-m+fp/hard/crtbegin.o
                [!provide]                        PROVIDE (__fini_array_end = .)
                0x08002080                        . = ALIGN (0x4)
                0x08002080                        _sidata = LOADADDR (.data)

.rel.dyn        0x08002080        0x0
 .rel.iplt      0x08002080        0x0 /home/yjy/apps/arm-gnu-toolchain/bin/../lib/gcc/arm-none-eabi/14.2.1/thumb/v7e-m+fp/hard/crtbegin.o

.data           0x20000000       0x10 load address 0x08002080
                0x20000000                        . = ALIGN (0x4)
                0x20000000                        _sdata = .
 *(.data)
 *(.data*)
 .data.SystemCoreClock
                0x20000000        0x4 cmake/stm32cubemx/CMakeFiles/STM32_Drivers.dir/__/__/Core/Src/system_stm32f4xx.c.obj
                0x20000000                SystemCoreClock
 .data.uwTickPrio
                0x20000004        0x4 cmake/stm32cubemx/CMakeFiles/STM32_Drivers.dir/__/__/Drivers/STM32F4xx_HAL_Driver/Src/stm32f4xx_hal.c.obj
                0x20000004                uwTickPrio
 .data.uwTickFreq
                0x20000008        0x1 cmake/stm32cubemx/CMakeFiles/STM32_Drivers.dir/__/__/Drivers/STM32F4xx_HAL_Driver/Src/stm32f4xx_hal.c.obj
                0x20000008                uwTickFreq
 *fill*         0x20000009        0x3 
 .data.uxCriticalNesting
                0x2000000c        0x4 /home/yjy/Documents/code/stm/test/.deps/freertos-build/libfreertos_kernel.a(port.c.obj)
 *(.RamFunc)
 *(.RamFunc*)
                0x20000010                        . = ALIGN (0x4)
                0x20000010                        _edata = .
                0x08002090                        _siccmram = LOADADDR (.ccmram)

.tm_clone_table
                0x20000010        0x0 load address 0x08002090
 .tm_clone_table
                0x20000010        0x0 /home/yjy/apps/arm-gnu-toolchain/bin/../lib/gcc/arm-none-eabi/14.2.1/thumb/v7e-m+fp/hard/crtbegin.o
 .tm_clone_table
                0x20000010        0x0 /home/yjy/apps/arm-gnu-toolchain/bin/../lib/gcc/arm-none-eabi/14.2.1/thumb/v7e-m+fp/hard/crtend.o

.igot.plt       0x20000010        0x0 load address 0x08002090
 .igot.plt      0x20000010        0x0 /home/yjy/apps/arm-gnu-toolchain/bin/../lib/gcc/arm-none-eabi/14.2.1/thumb/v7e-m+fp/hard/crtbegin.o

.ccmram         0x10000000        0x0 load address 0x08002090
                0x10000000                        . = ALIGN (0x4)
                0x10000000                        _sccmram = .
 *(.ccmram)
 *(.ccmram*)
                0x10000000                        . = ALIGN (0x4)
                0x10000000                        _eccmram = .
                0x10000000                        . = ALIGN (0x4)

.bss            0x20000010     0x7cdc
                0x20000010                        _sbss = .
                0x20000010                        __bss_start__ = _sbss
 *(.bss)
 *(.bss*)
 .bss.completed.1
                0x20000010        0x1 /home/yjy/apps/arm-gnu-toolchain/bin/../lib/gcc/arm-none-eabi/14.2.1/thumb/v7e-m+fp/hard/crtbegin.o
 *fill*         0x20000011        0x3 
 .bss.object.0  0x20000014       0x18 /home/yjy/apps/arm-gnu-toolchain/bin/../lib/gcc/arm-none-eabi/14.2.1/thumb/v7e-m+fp/hard/crtbegin.o
 .bss.uwTick    0x2000002c        0x4 cmake/stm32cubemx/CMakeFiles/STM32_Drivers.dir/__/__/Drivers/STM32F4xx_HAL_Driver/Src/stm32f4xx_hal.c.obj
                0x2000002c                uwTick
 .bss.xSemaphore
                0x20000030        0x4 CMakeFiles/test.dir/Core/Src/main.c.obj
                0x20000030                xSemaphore
 .bss.pxCurrentTCB
                0x20000034        0x4 /home/yjy/Documents/code/stm/test/.deps/freertos-build/libfreertos_kernel.a(tasks.c.obj)
                0x20000034                pxCurrentTCB
 .bss.pxReadyTasksLists
                0x20000038      0x460 /home/yjy/Documents/code/stm/test/.deps/freertos-build/libfreertos_kernel.a(tasks.c.obj)
 .bss.pxDelayedTaskList
                0x20000498        0x4 /home/yjy/Documents/code/stm/test/.deps/freertos-build/libfreertos_kernel.a(tasks.c.obj)
 .bss.pxOverflowDelayedTaskList
                0x2000049c        0x4 /home/yjy/Documents/code/stm/test/.deps/freertos-build/libfreertos_kernel.a(tasks.c.obj)
 .bss.xPendingReadyList
                0x200004a0       0x14 /home/yjy/Documents/code/stm/test/.deps/freertos-build/libfreertos_kernel.a(tasks.c.obj)
 .bss.uxCurrentNumberOfTasks
                0x200004b4        0x4 /home/yjy/Documents/code/stm/test/.deps/freertos-build/libfreertos_kernel.a(tasks.c.obj)
 .bss.xTickCount
                0x200004b8        0x4 /home/yjy/Documents/code/stm/test/.deps/freertos-build/libfreertos_kernel.a(tasks.c.obj)
 .bss.uxTopReadyPriority
                0x200004bc        0x4 /home/yjy/Documents/code/stm/test/.deps/freertos-build/libfreertos_kernel.a(tasks.c.obj)
 .bss.xPendedTicks
                0x200004c0        0x4 /home/yjy/Documents/code/stm/test/.deps/freertos-build/libfreertos_kernel.a(tasks.c.obj)
 .bss.xYieldPendings
                0x200004c4        0x4 /home/yjy/Documents/code/stm/test/.deps/freertos-build/libfreertos_kernel.a(tasks.c.obj)
 .bss.xNumOfOverflows
                0x200004c8        0x4 /home/yjy/Documents/code/stm/test/.deps/freertos-build/libfreertos_kernel.a(tasks.c.obj)
 .bss.xNextTaskUnblockTime
                0x200004cc        0x4 /home/yjy/Documents/code/stm/test/.deps/freertos-build/libfreertos_kernel.a(tasks.c.obj)
 .bss.uxSchedulerSuspended
                0x200004d0        0x4 /home/yjy/Documents/code/stm/test/.deps/freertos-build/libfreertos_kernel.a(tasks.c.obj)
 .bss.ucHeap    0x200004d4     0x7800 /home/yjy/Documents/code/stm/test/.deps/freertos-build/libfreertos_kernel.a(heap_4.c.obj)
 .bss.xStart    0x20007cd4        0x8 /home/yjy/Documents/code/stm/test/.deps/freertos-build/libfreertos_kernel.a(heap_4.c.obj)
 .bss.pxEnd     0x20007cdc        0x4 /home/yjy/Documents/code/stm/test/.deps/freertos-build/libfreertos_kernel.a(heap_4.c.obj)
 .bss.xFreeBytesRemaining
                0x20007ce0        0x4 /home/yjy/Documents/code/stm/test/.deps/freertos-build/libfreertos_kernel.a(heap_4.c.obj)
 .bss.xMinimumEverFreeBytesRemaining
                0x20007ce4        0x4 /home/yjy/Documents/code/stm/test/.deps/freertos-build/libfreertos_kernel.a(heap_4.c.obj)
 .bss.xNumberOfSuccessfulAllocations
                0x20007ce8        0x4 /home/yjy/Documents/code/stm/test/.deps/freertos-build/libfreertos_kernel.a(heap_4.c.obj)
 *(COMMON)
                0x20007cec                        . = ALIGN (0x4)
                0x20007cec                        _ebss = .
                0x20007cec                        __bss_end__ = _ebss

._user_heap_stack
                0x20007cec      0x604
                0x20007cf0                        . = ALIGN (0x8)
 *fill*         0x20007cec        0x4 
                [!provide]                        PROVIDE (end = .)
                0x20007cf0                        PROVIDE (_end = .)
                0x20007ef0                        . = (. + _Min_Heap_Size)
 *fill*         0x20007cf0      0x200 
                0x200082f0                        . = (. + _Min_Stack_Size)
 *fill*         0x20007ef0      0x400 
                0x200082f0                        . = ALIGN (0x8)

/DISCARD/
 libc.a(*)
 libm.a(*)
 libgcc.a(*)
OUTPUT(test.elf elf32-littlearm)
LOAD linker stubs
LOAD /home/yjy/apps/arm-gnu-toolchain/bin/../lib/gcc/arm-none-eabi/14.2.1/../../../../arm-none-eabi/lib/thumb/v7e-m+fp/hard/libc.a
LOAD /home/yjy/apps/arm-gnu-toolchain/bin/../lib/gcc/arm-none-eabi/14.2.1/../../../../arm-none-eabi/lib/thumb/v7e-m+fp/hard/libm.a
LOAD /home/yjy/apps/arm-gnu-toolchain/bin/../lib/gcc/arm-none-eabi/14.2.1/thumb/v7e-m+fp/hard/libgcc.a

.ARM.attributes
                0x00000000       0x30
 .ARM.attributes
                0x00000000       0x22 /home/yjy/apps/arm-gnu-toolchain/bin/../lib/gcc/arm-none-eabi/14.2.1/thumb/v7e-m+fp/hard/crti.o
 .ARM.attributes
                0x00000022       0x34 /home/yjy/apps/arm-gnu-toolchain/bin/../lib/gcc/arm-none-eabi/14.2.1/thumb/v7e-m+fp/hard/crtbegin.o
 .ARM.attributes
                0x00000056       0x34 /home/yjy/apps/arm-gnu-toolchain/bin/../lib/gcc/arm-none-eabi/14.2.1/../../../../arm-none-eabi/lib/thumb/v7e-m+fp/hard/libc_nano.a(libc_a-memset.o)
 .ARM.attributes
                0x0000008a       0x34 /home/yjy/apps/arm-gnu-toolchain/bin/../lib/gcc/arm-none-eabi/14.2.1/../../../../arm-none-eabi/lib/thumb/v7e-m+fp/hard/libc_nano.a(libc_a-init.o)
 .ARM.attributes
                0x000000be       0x34 cmake/stm32cubemx/CMakeFiles/STM32_Drivers.dir/__/__/Core/Src/system_stm32f4xx.c.obj
 .ARM.attributes
                0x000000f2       0x34 cmake/stm32cubemx/CMakeFiles/STM32_Drivers.dir/__/__/Drivers/STM32F4xx_HAL_Driver/Src/stm32f4xx_hal_rcc.c.obj
 .ARM.attributes
                0x00000126       0x34 cmake/stm32cubemx/CMakeFiles/STM32_Drivers.dir/__/__/Drivers/STM32F4xx_HAL_Driver/Src/stm32f4xx_hal_cortex.c.obj
 .ARM.attributes
                0x0000015a       0x34 cmake/stm32cubemx/CMakeFiles/STM32_Drivers.dir/__/__/Drivers/STM32F4xx_HAL_Driver/Src/stm32f4xx_hal.c.obj
 .ARM.attributes
                0x0000018e       0x34 CMakeFiles/test.dir/Core/Src/main.c.obj
 .ARM.attributes
                0x000001c2       0x34 CMakeFiles/test.dir/Core/Src/stm32f4xx_it.c.obj
 .ARM.attributes
                0x000001f6       0x34 CMakeFiles/test.dir/Core/Src/stm32f4xx_hal_msp.c.obj
 .ARM.attributes
                0x0000022a       0x21 CMakeFiles/test.dir/startup_stm32f407xx.s.obj
 .ARM.attributes
                0x0000024b       0x34 /home/yjy/Documents/code/stm/test/.deps/freertos-build/libfreertos_kernel.a(queue.c.obj)
 .ARM.attributes
                0x0000027f       0x34 /home/yjy/Documents/code/stm/test/.deps/freertos-build/libfreertos_kernel.a(tasks.c.obj)
 .ARM.attributes
                0x000002b3       0x34 /home/yjy/Documents/code/stm/test/.deps/freertos-build/libfreertos_kernel.a(heap_4.c.obj)
 .ARM.attributes
                0x000002e7       0x34 /home/yjy/Documents/code/stm/test/.deps/freertos-build/libfreertos_kernel.a(port.c.obj)
 .ARM.attributes
                0x0000031b       0x34 /home/yjy/Documents/code/stm/test/.deps/freertos-build/libfreertos_kernel.a(list.c.obj)
 .ARM.attributes
                0x0000034f       0x22 /home/yjy/apps/arm-gnu-toolchain/bin/../lib/gcc/arm-none-eabi/14.2.1/thumb/v7e-m+fp/hard/libgcc.a(_aeabi_uldivmod.o)
 .ARM.attributes
                0x00000371       0x34 /home/yjy/apps/arm-gnu-toolchain/bin/../lib/gcc/arm-none-eabi/14.2.1/thumb/v7e-m+fp/hard/libgcc.a(_udivmoddi4.o)
 .ARM.attributes
                0x000003a5       0x22 /home/yjy/apps/arm-gnu-toolchain/bin/../lib/gcc/arm-none-eabi/14.2.1/thumb/v7e-m+fp/hard/libgcc.a(_dvmd_tls.o)
 .ARM.attributes
                0x000003c7       0x34 /home/yjy/apps/arm-gnu-toolchain/bin/../lib/gcc/arm-none-eabi/14.2.1/thumb/v7e-m+fp/hard/crtend.o
 .ARM.attributes
                0x000003fb       0x22 /home/yjy/apps/arm-gnu-toolchain/bin/../lib/gcc/arm-none-eabi/14.2.1/thumb/v7e-m+fp/hard/crtn.o

.comment        0x00000000       0x45
 .comment       0x00000000       0x45 cmake/stm32cubemx/CMakeFiles/STM32_Drivers.dir/__/__/Core/Src/system_stm32f4xx.c.obj
                                 0x46 (size before relaxing)
 .comment       0x00000045       0x46 cmake/stm32cubemx/CMakeFiles/STM32_Drivers.dir/__/__/Drivers/STM32F4xx_HAL_Driver/Src/stm32f4xx_hal_rcc.c.obj
 .comment       0x00000045       0x46 cmake/stm32cubemx/CMakeFiles/STM32_Drivers.dir/__/__/Drivers/STM32F4xx_HAL_Driver/Src/stm32f4xx_hal_cortex.c.obj
 .comment       0x00000045       0x46 cmake/stm32cubemx/CMakeFiles/STM32_Drivers.dir/__/__/Drivers/STM32F4xx_HAL_Driver/Src/stm32f4xx_hal.c.obj
 .comment       0x00000045       0x46 CMakeFiles/test.dir/Core/Src/main.c.obj
 .comment       0x00000045       0x46 CMakeFiles/test.dir/Core/Src/stm32f4xx_it.c.obj
 .comment       0x00000045       0x46 CMakeFiles/test.dir/Core/Src/stm32f4xx_hal_msp.c.obj
 .comment       0x00000045       0x46 /home/yjy/Documents/code/stm/test/.deps/freertos-build/libfreertos_kernel.a(queue.c.obj)
 .comment       0x00000045       0x46 /home/yjy/Documents/code/stm/test/.deps/freertos-build/libfreertos_kernel.a(tasks.c.obj)
 .comment       0x00000045       0x46 /home/yjy/Documents/code/stm/test/.deps/freertos-build/libfreertos_kernel.a(heap_4.c.obj)
 .comment       0x00000045       0x46 /home/yjy/Documents/code/stm/test/.deps/freertos-build/libfreertos_kernel.a(port.c.obj)
 .comment       0x00000045       0x46 /home/yjy/Documents/code/stm/test/.deps/freertos-build/libfreertos_kernel.a(list.c.obj)

.debug_frame    0x00000000     0x21c4
 .debug_frame   0x00000000       0x20 /home/yjy/apps/arm-gnu-toolchain/bin/../lib/gcc/arm-none-eabi/14.2.1/../../../../arm-none-eabi/lib/thumb/v7e-m+fp/hard/libc_nano.a(libc_a-memset.o)
 .debug_frame   0x00000020       0x2c /home/yjy/apps/arm-gnu-toolchain/bin/../lib/gcc/arm-none-eabi/14.2.1/../../../../arm-none-eabi/lib/thumb/v7e-m+fp/hard/libc_nano.a(libc_a-init.o)
 .debug_frame   0x0000004c       0x58 cmake/stm32cubemx/CMakeFiles/STM32_Drivers.dir/__/__/Core/Src/system_stm32f4xx.c.obj
 .debug_frame   0x000000a4      0x1f4 cmake/stm32cubemx/CMakeFiles/STM32_Drivers.dir/__/__/Drivers/STM32F4xx_HAL_Driver/Src/stm32f4xx_hal_rcc.c.obj
 .debug_frame   0x00000298      0x508 cmake/stm32cubemx/CMakeFiles/STM32_Drivers.dir/__/__/Drivers/STM32F4xx_HAL_Driver/Src/stm32f4xx_hal_cortex.c.obj
 .debug_frame   0x000007a0      0x374 cmake/stm32cubemx/CMakeFiles/STM32_Drivers.dir/__/__/Drivers/STM32F4xx_HAL_Driver/Src/stm32f4xx_hal.c.obj
 .debug_frame   0x00000b14       0x68 CMakeFiles/test.dir/Core/Src/main.c.obj
 .debug_frame   0x00000b7c       0xc4 CMakeFiles/test.dir/Core/Src/stm32f4xx_it.c.obj
 .debug_frame   0x00000c40       0x38 CMakeFiles/test.dir/Core/Src/stm32f4xx_hal_msp.c.obj
 .debug_frame   0x00000c78      0x664 /home/yjy/Documents/code/stm/test/.deps/freertos-build/libfreertos_kernel.a(queue.c.obj)
 .debug_frame   0x000012dc      0xa74 /home/yjy/Documents/code/stm/test/.deps/freertos-build/libfreertos_kernel.a(tasks.c.obj)
 .debug_frame   0x00001d50      0x194 /home/yjy/Documents/code/stm/test/.deps/freertos-build/libfreertos_kernel.a(heap_4.c.obj)
 .debug_frame   0x00001ee4      0x1a8 /home/yjy/Documents/code/stm/test/.deps/freertos-build/libfreertos_kernel.a(port.c.obj)
 .debug_frame   0x0000208c       0xd8 /home/yjy/Documents/code/stm/test/.deps/freertos-build/libfreertos_kernel.a(list.c.obj)
 .debug_frame   0x00002164       0x2c /home/yjy/apps/arm-gnu-toolchain/bin/../lib/gcc/arm-none-eabi/14.2.1/thumb/v7e-m+fp/hard/libgcc.a(_aeabi_uldivmod.o)
 .debug_frame   0x00002190       0x34 /home/yjy/apps/arm-gnu-toolchain/bin/../lib/gcc/arm-none-eabi/14.2.1/thumb/v7e-m+fp/hard/libgcc.a(_udivmoddi4.o)

.debug_info     0x00000000     0x86a9
 .debug_info    0x00000000      0x512 cmake/stm32cubemx/CMakeFiles/STM32_Drivers.dir/__/__/Core/Src/system_stm32f4xx.c.obj
 .debug_info    0x00000512      0x8c3 cmake/stm32cubemx/CMakeFiles/STM32_Drivers.dir/__/__/Drivers/STM32F4xx_HAL_Driver/Src/stm32f4xx_hal_rcc.c.obj
 .debug_info    0x00000dd5      0xd8c cmake/stm32cubemx/CMakeFiles/STM32_Drivers.dir/__/__/Drivers/STM32F4xx_HAL_Driver/Src/stm32f4xx_hal_cortex.c.obj
 .debug_info    0x00001b61      0x944 cmake/stm32cubemx/CMakeFiles/STM32_Drivers.dir/__/__/Drivers/STM32F4xx_HAL_Driver/Src/stm32f4xx_hal.c.obj
 .debug_info    0x000024a5      0x521 CMakeFiles/test.dir/Core/Src/main.c.obj
 .debug_info    0x000029c6       0xf2 CMakeFiles/test.dir/Core/Src/stm32f4xx_it.c.obj
 .debug_info    0x00002ab8      0x269 CMakeFiles/test.dir/Core/Src/stm32f4xx_hal_msp.c.obj
 .debug_info    0x00002d21       0x30 CMakeFiles/test.dir/startup_stm32f407xx.s.obj
 .debug_info    0x00002d51     0x1d33 /home/yjy/Documents/code/stm/test/.deps/freertos-build/libfreertos_kernel.a(queue.c.obj)
 .debug_info    0x00004a84     0x2e04 /home/yjy/Documents/code/stm/test/.deps/freertos-build/libfreertos_kernel.a(tasks.c.obj)
 .debug_info    0x00007888      0x5f6 /home/yjy/Documents/code/stm/test/.deps/freertos-build/libfreertos_kernel.a(heap_4.c.obj)
 .debug_info    0x00007e7e      0x581 /home/yjy/Documents/code/stm/test/.deps/freertos-build/libfreertos_kernel.a(port.c.obj)
 .debug_info    0x000083ff      0x2aa /home/yjy/Documents/code/stm/test/.deps/freertos-build/libfreertos_kernel.a(list.c.obj)

.debug_abbrev   0x00000000     0x18fb
 .debug_abbrev  0x00000000      0x11a cmake/stm32cubemx/CMakeFiles/STM32_Drivers.dir/__/__/Core/Src/system_stm32f4xx.c.obj
 .debug_abbrev  0x0000011a      0x2b7 cmake/stm32cubemx/CMakeFiles/STM32_Drivers.dir/__/__/Drivers/STM32F4xx_HAL_Driver/Src/stm32f4xx_hal_rcc.c.obj
 .debug_abbrev  0x000003d1      0x31d cmake/stm32cubemx/CMakeFiles/STM32_Drivers.dir/__/__/Drivers/STM32F4xx_HAL_Driver/Src/stm32f4xx_hal_cortex.c.obj
 .debug_abbrev  0x000006ee      0x214 cmake/stm32cubemx/CMakeFiles/STM32_Drivers.dir/__/__/Drivers/STM32F4xx_HAL_Driver/Src/stm32f4xx_hal.c.obj
 .debug_abbrev  0x00000902      0x1e5 CMakeFiles/test.dir/Core/Src/main.c.obj
 .debug_abbrev  0x00000ae7       0x73 CMakeFiles/test.dir/Core/Src/stm32f4xx_it.c.obj
 .debug_abbrev  0x00000b5a       0xd8 CMakeFiles/test.dir/Core/Src/stm32f4xx_hal_msp.c.obj
 .debug_abbrev  0x00000c32       0x24 CMakeFiles/test.dir/startup_stm32f407xx.s.obj
 .debug_abbrev  0x00000c56      0x387 /home/yjy/Documents/code/stm/test/.deps/freertos-build/libfreertos_kernel.a(queue.c.obj)
 .debug_abbrev  0x00000fdd      0x38e /home/yjy/Documents/code/stm/test/.deps/freertos-build/libfreertos_kernel.a(tasks.c.obj)
 .debug_abbrev  0x0000136b      0x25a /home/yjy/Documents/code/stm/test/.deps/freertos-build/libfreertos_kernel.a(heap_4.c.obj)
 .debug_abbrev  0x000015c5      0x248 /home/yjy/Documents/code/stm/test/.deps/freertos-build/libfreertos_kernel.a(port.c.obj)
 .debug_abbrev  0x0000180d       0xee /home/yjy/Documents/code/stm/test/.deps/freertos-build/libfreertos_kernel.a(list.c.obj)

.debug_aranges  0x00000000      0x890
 .debug_aranges
                0x00000000       0x28 cmake/stm32cubemx/CMakeFiles/STM32_Drivers.dir/__/__/Core/Src/system_stm32f4xx.c.obj
 .debug_aranges
                0x00000028       0x88 cmake/stm32cubemx/CMakeFiles/STM32_Drivers.dir/__/__/Drivers/STM32F4xx_HAL_Driver/Src/stm32f4xx_hal_rcc.c.obj
 .debug_aranges
                0x000000b0      0x130 cmake/stm32cubemx/CMakeFiles/STM32_Drivers.dir/__/__/Drivers/STM32F4xx_HAL_Driver/Src/stm32f4xx_hal_cortex.c.obj
 .debug_aranges
                0x000001e0       0xf0 cmake/stm32cubemx/CMakeFiles/STM32_Drivers.dir/__/__/Drivers/STM32F4xx_HAL_Driver/Src/stm32f4xx_hal.c.obj
 .debug_aranges
                0x000002d0       0x30 CMakeFiles/test.dir/Core/Src/main.c.obj
 .debug_aranges
                0x00000300       0x50 CMakeFiles/test.dir/Core/Src/stm32f4xx_it.c.obj
 .debug_aranges
                0x00000350       0x20 CMakeFiles/test.dir/Core/Src/stm32f4xx_hal_msp.c.obj
 .debug_aranges
                0x00000370       0x28 CMakeFiles/test.dir/startup_stm32f407xx.s.obj
 .debug_aranges
                0x00000398      0x170 /home/yjy/Documents/code/stm/test/.deps/freertos-build/libfreertos_kernel.a(queue.c.obj)
 .debug_aranges
                0x00000508      0x258 /home/yjy/Documents/code/stm/test/.deps/freertos-build/libfreertos_kernel.a(tasks.c.obj)
 .debug_aranges
                0x00000760       0x70 /home/yjy/Documents/code/stm/test/.deps/freertos-build/libfreertos_kernel.a(heap_4.c.obj)
 .debug_aranges
                0x000007d0       0x80 /home/yjy/Documents/code/stm/test/.deps/freertos-build/libfreertos_kernel.a(port.c.obj)
 .debug_aranges
                0x00000850       0x40 /home/yjy/Documents/code/stm/test/.deps/freertos-build/libfreertos_kernel.a(list.c.obj)

.debug_rnglists
                0x00000000      0x680
 .debug_rnglists
                0x00000000       0x1a cmake/stm32cubemx/CMakeFiles/STM32_Drivers.dir/__/__/Core/Src/system_stm32f4xx.c.obj
 .debug_rnglists
                0x0000001a       0x66 cmake/stm32cubemx/CMakeFiles/STM32_Drivers.dir/__/__/Drivers/STM32F4xx_HAL_Driver/Src/stm32f4xx_hal_rcc.c.obj
 .debug_rnglists
                0x00000080       0xe0 cmake/stm32cubemx/CMakeFiles/STM32_Drivers.dir/__/__/Drivers/STM32F4xx_HAL_Driver/Src/stm32f4xx_hal_cortex.c.obj
 .debug_rnglists
                0x00000160       0xaf cmake/stm32cubemx/CMakeFiles/STM32_Drivers.dir/__/__/Drivers/STM32F4xx_HAL_Driver/Src/stm32f4xx_hal.c.obj
 .debug_rnglists
                0x0000020f       0x20 CMakeFiles/test.dir/Core/Src/main.c.obj
 .debug_rnglists
                0x0000022f       0x37 CMakeFiles/test.dir/Core/Src/stm32f4xx_it.c.obj
 .debug_rnglists
                0x00000266       0x13 CMakeFiles/test.dir/Core/Src/stm32f4xx_hal_msp.c.obj
 .debug_rnglists
                0x00000279       0x19 CMakeFiles/test.dir/startup_stm32f407xx.s.obj
 .debug_rnglists
                0x00000292      0x11e /home/yjy/Documents/code/stm/test/.deps/freertos-build/libfreertos_kernel.a(queue.c.obj)
 .debug_rnglists
                0x000003b0      0x1f4 /home/yjy/Documents/code/stm/test/.deps/freertos-build/libfreertos_kernel.a(tasks.c.obj)
 .debug_rnglists
                0x000005a4       0x54 /home/yjy/Documents/code/stm/test/.deps/freertos-build/libfreertos_kernel.a(heap_4.c.obj)
 .debug_rnglists
                0x000005f8       0x5d /home/yjy/Documents/code/stm/test/.deps/freertos-build/libfreertos_kernel.a(port.c.obj)
 .debug_rnglists
                0x00000655       0x2b /home/yjy/Documents/code/stm/test/.deps/freertos-build/libfreertos_kernel.a(list.c.obj)

.debug_macro    0x00000000    0x2294e
 .debug_macro   0x00000000      0x1b0 cmake/stm32cubemx/CMakeFiles/STM32_Drivers.dir/__/__/Core/Src/system_stm32f4xx.c.obj
 .debug_macro   0x000001b0      0xad8 cmake/stm32cubemx/CMakeFiles/STM32_Drivers.dir/__/__/Core/Src/system_stm32f4xx.c.obj
 .debug_macro   0x00000c88       0x2e cmake/stm32cubemx/CMakeFiles/STM32_Drivers.dir/__/__/Core/Src/system_stm32f4xx.c.obj
 .debug_macro   0x00000cb6       0x2f cmake/stm32cubemx/CMakeFiles/STM32_Drivers.dir/__/__/Core/Src/system_stm32f4xx.c.obj
 .debug_macro   0x00000ce5       0x22 cmake/stm32cubemx/CMakeFiles/STM32_Drivers.dir/__/__/Core/Src/system_stm32f4xx.c.obj
 .debug_macro   0x00000d07       0x8e cmake/stm32cubemx/CMakeFiles/STM32_Drivers.dir/__/__/Core/Src/system_stm32f4xx.c.obj
 .debug_macro   0x00000d95       0x51 cmake/stm32cubemx/CMakeFiles/STM32_Drivers.dir/__/__/Core/Src/system_stm32f4xx.c.obj
 .debug_macro   0x00000de6      0x103 cmake/stm32cubemx/CMakeFiles/STM32_Drivers.dir/__/__/Core/Src/system_stm32f4xx.c.obj
 .debug_macro   0x00000ee9       0x6a cmake/stm32cubemx/CMakeFiles/STM32_Drivers.dir/__/__/Core/Src/system_stm32f4xx.c.obj
 .debug_macro   0x00000f53      0x1df cmake/stm32cubemx/CMakeFiles/STM32_Drivers.dir/__/__/Core/Src/system_stm32f4xx.c.obj
 .debug_macro   0x00001132       0x1c cmake/stm32cubemx/CMakeFiles/STM32_Drivers.dir/__/__/Core/Src/system_stm32f4xx.c.obj
 .debug_macro   0x0000114e       0x22 cmake/stm32cubemx/CMakeFiles/STM32_Drivers.dir/__/__/Core/Src/system_stm32f4xx.c.obj
 .debug_macro   0x00001170       0xfb cmake/stm32cubemx/CMakeFiles/STM32_Drivers.dir/__/__/Core/Src/system_stm32f4xx.c.obj
 .debug_macro   0x0000126b     0x1011 cmake/stm32cubemx/CMakeFiles/STM32_Drivers.dir/__/__/Core/Src/system_stm32f4xx.c.obj
 .debug_macro   0x0000227c      0x11f cmake/stm32cubemx/CMakeFiles/STM32_Drivers.dir/__/__/Core/Src/system_stm32f4xx.c.obj
 .debug_macro   0x0000239b    0x15ea5 cmake/stm32cubemx/CMakeFiles/STM32_Drivers.dir/__/__/Core/Src/system_stm32f4xx.c.obj
 .debug_macro   0x00018240       0x6d cmake/stm32cubemx/CMakeFiles/STM32_Drivers.dir/__/__/Core/Src/system_stm32f4xx.c.obj
 .debug_macro   0x000182ad      0x28f cmake/stm32cubemx/CMakeFiles/STM32_Drivers.dir/__/__/Core/Src/system_stm32f4xx.c.obj
 .debug_macro   0x0001853c     0x3693 cmake/stm32cubemx/CMakeFiles/STM32_Drivers.dir/__/__/Core/Src/system_stm32f4xx.c.obj
 .debug_macro   0x0001bbcf      0x190 cmake/stm32cubemx/CMakeFiles/STM32_Drivers.dir/__/__/Core/Src/system_stm32f4xx.c.obj
 .debug_macro   0x0001bd5f       0x5c cmake/stm32cubemx/CMakeFiles/STM32_Drivers.dir/__/__/Core/Src/system_stm32f4xx.c.obj
 .debug_macro   0x0001bdbb      0x980 cmake/stm32cubemx/CMakeFiles/STM32_Drivers.dir/__/__/Core/Src/system_stm32f4xx.c.obj
 .debug_macro   0x0001c73b      0x9e9 cmake/stm32cubemx/CMakeFiles/STM32_Drivers.dir/__/__/Core/Src/system_stm32f4xx.c.obj
 .debug_macro   0x0001d124      0x115 cmake/stm32cubemx/CMakeFiles/STM32_Drivers.dir/__/__/Core/Src/system_stm32f4xx.c.obj
 .debug_macro   0x0001d239      0x13e cmake/stm32cubemx/CMakeFiles/STM32_Drivers.dir/__/__/Core/Src/system_stm32f4xx.c.obj
 .debug_macro   0x0001d377       0xa5 cmake/stm32cubemx/CMakeFiles/STM32_Drivers.dir/__/__/Core/Src/system_stm32f4xx.c.obj
 .debug_macro   0x0001d41c      0x174 cmake/stm32cubemx/CMakeFiles/STM32_Drivers.dir/__/__/Core/Src/system_stm32f4xx.c.obj
 .debug_macro   0x0001d590      0x287 cmake/stm32cubemx/CMakeFiles/STM32_Drivers.dir/__/__/Core/Src/system_stm32f4xx.c.obj
 .debug_macro   0x0001d817       0x5f cmake/stm32cubemx/CMakeFiles/STM32_Drivers.dir/__/__/Core/Src/system_stm32f4xx.c.obj
 .debug_macro   0x0001d876      0x236 cmake/stm32cubemx/CMakeFiles/STM32_Drivers.dir/__/__/Core/Src/system_stm32f4xx.c.obj
 .debug_macro   0x0001daac      0x12c cmake/stm32cubemx/CMakeFiles/STM32_Drivers.dir/__/__/Core/Src/system_stm32f4xx.c.obj
 .debug_macro   0x0001dbd8      0x21e cmake/stm32cubemx/CMakeFiles/STM32_Drivers.dir/__/__/Core/Src/system_stm32f4xx.c.obj
 .debug_macro   0x0001ddf6       0x2e cmake/stm32cubemx/CMakeFiles/STM32_Drivers.dir/__/__/Core/Src/system_stm32f4xx.c.obj
 .debug_macro   0x0001de24      0x127 cmake/stm32cubemx/CMakeFiles/STM32_Drivers.dir/__/__/Core/Src/system_stm32f4xx.c.obj
 .debug_macro   0x0001df4b       0x7e cmake/stm32cubemx/CMakeFiles/STM32_Drivers.dir/__/__/Core/Src/system_stm32f4xx.c.obj
 .debug_macro   0x0001dfc9       0x89 cmake/stm32cubemx/CMakeFiles/STM32_Drivers.dir/__/__/Core/Src/system_stm32f4xx.c.obj
 .debug_macro   0x0001e052      0x12d cmake/stm32cubemx/CMakeFiles/STM32_Drivers.dir/__/__/Core/Src/system_stm32f4xx.c.obj
 .debug_macro   0x0001e17f      0x1d4 cmake/stm32cubemx/CMakeFiles/STM32_Drivers.dir/__/__/Drivers/STM32F4xx_HAL_Driver/Src/stm32f4xx_hal_rcc.c.obj
 .debug_macro   0x0001e353      0x1b0 cmake/stm32cubemx/CMakeFiles/STM32_Drivers.dir/__/__/Drivers/STM32F4xx_HAL_Driver/Src/stm32f4xx_hal_cortex.c.obj
 .debug_macro   0x0001e503      0x210 cmake/stm32cubemx/CMakeFiles/STM32_Drivers.dir/__/__/Drivers/STM32F4xx_HAL_Driver/Src/stm32f4xx_hal.c.obj
 .debug_macro   0x0001e713      0x24f CMakeFiles/test.dir/Core/Src/main.c.obj
 .debug_macro   0x0001e962      0xade CMakeFiles/test.dir/Core/Src/main.c.obj
 .debug_macro   0x0001f440       0x16 CMakeFiles/test.dir/Core/Src/main.c.obj
 .debug_macro   0x0001f456      0x16a CMakeFiles/test.dir/Core/Src/main.c.obj
 .debug_macro   0x0001f5c0       0x28 CMakeFiles/test.dir/Core/Src/main.c.obj
 .debug_macro   0x0001f5e8      0x182 CMakeFiles/test.dir/Core/Src/main.c.obj
 .debug_macro   0x0001f76a       0xd2 CMakeFiles/test.dir/Core/Src/main.c.obj
 .debug_macro   0x0001f83c       0x3a CMakeFiles/test.dir/Core/Src/main.c.obj
 .debug_macro   0x0001f876       0x1f CMakeFiles/test.dir/Core/Src/main.c.obj
 .debug_macro   0x0001f895       0x12 CMakeFiles/test.dir/Core/Src/main.c.obj
 .debug_macro   0x0001f8a7     0x10cc CMakeFiles/test.dir/Core/Src/main.c.obj
 .debug_macro   0x00020973       0xc3 CMakeFiles/test.dir/Core/Src/main.c.obj
 .debug_macro   0x00020a36      0x14f CMakeFiles/test.dir/Core/Src/main.c.obj
 .debug_macro   0x00020b85       0x8e CMakeFiles/test.dir/Core/Src/main.c.obj
 .debug_macro   0x00020c13       0xa8 CMakeFiles/test.dir/Core/Src/main.c.obj
 .debug_macro   0x00020cbb      0x1c4 CMakeFiles/test.dir/Core/Src/stm32f4xx_it.c.obj
 .debug_macro   0x00020e7f      0x1ba CMakeFiles/test.dir/Core/Src/stm32f4xx_hal_msp.c.obj
 .debug_macro   0x00021039      0x225 /home/yjy/Documents/code/stm/test/.deps/freertos-build/libfreertos_kernel.a(queue.c.obj)
 .debug_macro   0x0002125e      0xacc /home/yjy/Documents/code/stm/test/.deps/freertos-build/libfreertos_kernel.a(queue.c.obj)
 .debug_macro   0x00021d2a      0x11c /home/yjy/Documents/code/stm/test/.deps/freertos-build/libfreertos_kernel.a(queue.c.obj)
 .debug_macro   0x00021e46       0x9b /home/yjy/Documents/code/stm/test/.deps/freertos-build/libfreertos_kernel.a(queue.c.obj)
 .debug_macro   0x00021ee1       0x16 /home/yjy/Documents/code/stm/test/.deps/freertos-build/libfreertos_kernel.a(queue.c.obj)
 .debug_macro   0x00021ef7      0x16a /home/yjy/Documents/code/stm/test/.deps/freertos-build/libfreertos_kernel.a(queue.c.obj)
 .debug_macro   0x00022061      0x2b9 /home/yjy/Documents/code/stm/test/.deps/freertos-build/libfreertos_kernel.a(tasks.c.obj)
 .debug_macro   0x0002231a       0x98 /home/yjy/Documents/code/stm/test/.deps/freertos-build/libfreertos_kernel.a(tasks.c.obj)
 .debug_macro   0x000223b2       0x17 /home/yjy/Documents/code/stm/test/.deps/freertos-build/libfreertos_kernel.a(tasks.c.obj)
 .debug_macro   0x000223c9      0x223 /home/yjy/Documents/code/stm/test/.deps/freertos-build/libfreertos_kernel.a(heap_4.c.obj)
 .debug_macro   0x000225ec      0x1cf /home/yjy/Documents/code/stm/test/.deps/freertos-build/libfreertos_kernel.a(port.c.obj)
 .debug_macro   0x000227bb      0x193 /home/yjy/Documents/code/stm/test/.deps/freertos-build/libfreertos_kernel.a(list.c.obj)

.debug_line     0x00000000     0x8161
 .debug_line    0x00000000      0x5ce cmake/stm32cubemx/CMakeFiles/STM32_Drivers.dir/__/__/Core/Src/system_stm32f4xx.c.obj
 .debug_line    0x000005ce      0xc57 cmake/stm32cubemx/CMakeFiles/STM32_Drivers.dir/__/__/Drivers/STM32F4xx_HAL_Driver/Src/stm32f4xx_hal_rcc.c.obj
 .debug_line    0x00001225      0xb1a cmake/stm32cubemx/CMakeFiles/STM32_Drivers.dir/__/__/Drivers/STM32F4xx_HAL_Driver/Src/stm32f4xx_hal_cortex.c.obj
 .debug_line    0x00001d3f      0x84a cmake/stm32cubemx/CMakeFiles/STM32_Drivers.dir/__/__/Drivers/STM32F4xx_HAL_Driver/Src/stm32f4xx_hal.c.obj
 .debug_line    0x00002589      0x726 CMakeFiles/test.dir/Core/Src/main.c.obj
 .debug_line    0x00002caf      0x5e3 CMakeFiles/test.dir/Core/Src/stm32f4xx_it.c.obj
 .debug_line    0x00003292      0x558 CMakeFiles/test.dir/Core/Src/stm32f4xx_hal_msp.c.obj
 .debug_line    0x000037ea       0x7a CMakeFiles/test.dir/startup_stm32f407xx.s.obj
 .debug_line    0x00003864     0x1567 /home/yjy/Documents/code/stm/test/.deps/freertos-build/libfreertos_kernel.a(queue.c.obj)
 .debug_line    0x00004dcb     0x2069 /home/yjy/Documents/code/stm/test/.deps/freertos-build/libfreertos_kernel.a(tasks.c.obj)
 .debug_line    0x00006e34      0x84a /home/yjy/Documents/code/stm/test/.deps/freertos-build/libfreertos_kernel.a(heap_4.c.obj)
 .debug_line    0x0000767e      0x63a /home/yjy/Documents/code/stm/test/.deps/freertos-build/libfreertos_kernel.a(port.c.obj)
 .debug_line    0x00007cb8      0x4a9 /home/yjy/Documents/code/stm/test/.deps/freertos-build/libfreertos_kernel.a(list.c.obj)

.debug_str      0x00000000    0xcf0d3
 .debug_str     0x00000000    0xcf0d3 cmake/stm32cubemx/CMakeFiles/STM32_Drivers.dir/__/__/Core/Src/system_stm32f4xx.c.obj
                              0xbb10b (size before relaxing)
 .debug_str     0x000cf0d3    0xbb53f cmake/stm32cubemx/CMakeFiles/STM32_Drivers.dir/__/__/Drivers/STM32F4xx_HAL_Driver/Src/stm32f4xx_hal_rcc.c.obj
 .debug_str     0x000cf0d3    0xbba0b cmake/stm32cubemx/CMakeFiles/STM32_Drivers.dir/__/__/Drivers/STM32F4xx_HAL_Driver/Src/stm32f4xx_hal_cortex.c.obj
 .debug_str     0x000cf0d3    0xbbc8f cmake/stm32cubemx/CMakeFiles/STM32_Drivers.dir/__/__/Drivers/STM32F4xx_HAL_Driver/Src/stm32f4xx_hal.c.obj
 .debug_str     0x000cf0d3    0xc70e2 CMakeFiles/test.dir/Core/Src/main.c.obj
 .debug_str     0x000cf0d3    0xbafda CMakeFiles/test.dir/Core/Src/stm32f4xx_it.c.obj
 .debug_str     0x000cf0d3    0xbb06f CMakeFiles/test.dir/Core/Src/stm32f4xx_hal_msp.c.obj
 .debug_str     0x000cf0d3       0x7c CMakeFiles/test.dir/startup_stm32f407xx.s.obj
 .debug_str     0x000cf0d3    0x131a1 /home/yjy/Documents/code/stm/test/.deps/freertos-build/libfreertos_kernel.a(queue.c.obj)
 .debug_str     0x000cf0d3    0x13f78 /home/yjy/Documents/code/stm/test/.deps/freertos-build/libfreertos_kernel.a(tasks.c.obj)
 .debug_str     0x000cf0d3    0x120b4 /home/yjy/Documents/code/stm/test/.deps/freertos-build/libfreertos_kernel.a(heap_4.c.obj)
 .debug_str     0x000cf0d3     0xf66b /home/yjy/Documents/code/stm/test/.deps/freertos-build/libfreertos_kernel.a(port.c.obj)
 .debug_str     0x000cf0d3    0x10573 /home/yjy/Documents/code/stm/test/.deps/freertos-build/libfreertos_kernel.a(list.c.obj)

.debug_line_str
                0x00000000      0x12e
 .debug_line_str
                0x00000000      0x12e CMakeFiles/test.dir/startup_stm32f407xx.s.obj
                                 0x60 (size before relaxing)
 .debug_line_str
                0x0000012e       0xc2 /home/yjy/apps/arm-gnu-toolchain/bin/../lib/gcc/arm-none-eabi/14.2.1/thumb/v7e-m+fp/hard/libgcc.a(_aeabi_uldivmod.o)
 .debug_line_str
                0x0000012e       0xc6 /home/yjy/apps/arm-gnu-toolchain/bin/../lib/gcc/arm-none-eabi/14.2.1/thumb/v7e-m+fp/hard/libgcc.a(_dvmd_tls.o)
